itsacheckmate@itsacheckmate:~$ ls
123          ersion        index.html.4  new_Nano.save  Training-Repository
ab           Exampapers    linus         Pictures       Videos
Assignments  hi            linux         Public         wget-log
commands     hlo           Linux         snap           www.google.com
d            index.html    logfile       Templates      Zip.zip
Desktop      index.html.1  Music         test1.txt
Documents    index.html.2  Newfile       test2.txt
Downloads    index.html.3  new_Nano      text
itsacheckmate@itsacheckmate:~$ cd Training-Repository/
itsacheckmate@itsacheckmate:~/Training-Repository$ git status
On branch main
Your branch is up to date with 'origin/main'.

Changes not staged for commit:
  (use "git add <file>..." to update what will be committed)
  (use "git restore <file>..." to discard changes in working directory)
	modified:   linux/linux

no changes added to commit (use "git add" and/or "git commit -a")
itsacheckmate@itsacheckmate:~/Training-Repository$ git status -v
On branch main
Your branch is up to date with 'origin/main'.

Changes not staged for commit:
  (use "git add <file>..." to update what will be committed)
  (use "git restore <file>..." to discard changes in working directory)
	modified:   linux/linux

no changes added to commit (use "git add" and/or "git commit -a")
itsacheckmate@itsacheckmate:~/Training-Repository$ git diff --cache
error: invalid option: --cache
itsacheckmate@itsacheckmate:~/Training-Repository$ git diff --Cache
error: invalid option: --Cache
itsacheckmate@itsacheckmate:~/Training-Repository$ git diff help
fatal: ambiguous argument 'help': unknown revision or path not in the working tree.
Use '--' to separate paths from revisions, like this:
'git <command> [<revision>...] -- [<file>...]'
itsacheckmate@itsacheckmate:~/Training-Repository$ git diff --help
itsacheckmate@itsacheckmate:~/Training-Repository$ git diff --cached
itsacheckmate@itsacheckmate:~/Training-Repository$ git diff --cached
itsacheckmate@itsacheckmate:~/Training-Repository$ git diff --cached
itsacheckmate@itsacheckmate:~/Training-Repository$ git status
On branch main
Your branch is up to date with 'origin/main'.

Changes not staged for commit:
  (use "git add <file>..." to update what will be committed)
  (use "git restore <file>..." to discard changes in working directory)
	modified:   linux/linux
	modified:   new.txt

no changes added to commit (use "git add" and/or "git commit -a")
itsacheckmate@itsacheckmate:~/Training-Repository$ git add .
itsacheckmate@itsacheckmate:~/Training-Repository$ git diff --cached
diff --git a/linux/linux b/linux/linux
index 80b0cba..cde423a 100644
--- a/linux/linux
+++ b/linux/linux
@@ -71,4 +71,3 @@ cd .. : this command is used to move to the parent directory of current director
 cd “dir name”: This command is used to navigate to a directory with white spaces.Instead of using double quotes we can use single quotes then also this command will work. 
 $ cd "dir name"
 
-
diff --git a/new.txt b/new.txt
index f46cda6..9f63fa4 100644
--- a/new.txt
+++ b/new.txt
@@ -1 +1 @@
-changes
+I am practising git.^M
itsacheckmate@itsacheckmate:~/Training-Repository$ touch GitPractice

itsacheckmate@itsacheckmate:~/Training-Repository$ git stash
Saved working directory and index state WIP on main: d708a92 Practising linux commands
itsacheckmate@itsacheckmate:~/Training-Repository$ git checkout Branch2
branch 'Branch2' set up to track 'origin/Branch2'.
Switched to a new branch 'Branch2'
itsacheckmate@itsacheckmate:~/Training-Repository$ git diff Branch2..main
diff --git a/Database/Hospital Management System.drawio.svg b/Database/Hospital Management System.drawio.svg
new file mode 100644
index 0000000..0c99ef2
--- /dev/null
+++ b/Database/Hospital Management System.drawio.svg    
@@ -0,0 +1,4 @@
+<?xml version="1.0" encoding="UTF-8"?>
+<!-- Do not edit this file with editors other than diagrams.net -->
+<!DOCTYPE svg PUBLIC "-//W3C//DTD SVG 1.1//EN" "http://www.w3.org/Graphics/SVG/1.1/DTD/svg11.dtd">
+<svg xmlns="http://www.w3.org/2000/svg" xmlns:xlink="http://www.w3.org/1999/xlink" version="1.1" width="834px" height="960px" viewBox="-0.5 -0.5 834 960" content="&lt;mxfile host=&quot;app.diagrams.net&quot; modified=&quot;2022-04-14T15:59:22.372Z&quot; agent=&quot;5.0 (Windows NT 10.0; Win64; x64) AppleWebKit/537.36 (KHTML, like Gecko) Chrome/100.0.4896.88 Safari/537.36&quot; etag=&quot;CUvm_jUffuSygKY14HD_&quot; version=&quot;17.4.3&quot; type=&quot;github&quot;&gt;&lt;diagram id=&quot;Iy3N-nfoCOLkDRjxHkdD&quot; name=&quot;Page-1&quot;&gt;7Z1fc5s4EMA/TWZ6D84g8cfmMbbbNHdNkyZtepcXDzGKzRWQD8uN6ac/ARIGpDiOweDcqdNpjQBZ6Le7Wq0W+UQfBevzyFnML7GL/BOouesTfXwCIYDWgP6XlMRZyWAAs4JZ5LlZkbYpuPV+IXYnL115LlqWLiQY+8RbsEKQFU5xGKIpKV3oRBF+Kl/2iH23VLBwZqh0U1JwO3V8JFz23XPJnD0F7G/KPyJvNmffDIBlZ2cenOmPWYRXIfu+E6g/pn+y04HD62Lfu5w7Ln4qFOnvT/RRhDHJPgXrEfKTvi1324dnzubtjlBIdrrh6zdyPev/bUxsbXU5+di/uxv2AGT4fjr+ivXIGNFKSZBUO4InZ7z5JOZdtnzyAt8J6dHwEYfklp3R6PF07vnuJyfGq6RNS0L7iB8N5zjyftHrHZ+eArSAno4Ikwhola64Te5kdUZoSa+55g8KKkWXzrp04SdnSXhrsO87i6X3kLYvuTFwopkXDjEhOGAXOb43C+nnKa0LRfyZslYBgx6LHc36/ieKCFoXiljHnyMcIBLF9BJ2tmeY2S1MSXpAZ3U8bWQOWEZWNi/I28Bios7EfJbXvUFNPzDaryJvC+Qv6D/au+s/fhOQ0+ckKbEI/0Aj7GPaUeMQZzLg+X6laLlwpl44+4Qek8cwNiU37MmSIkz779FPVWLuuS4KE4SYOMR5yOVpgb2QpI9uDulfKosj7dQ8MWmbRvQYbI7p3+TyiIxwSJvpeCksRIXhCSUCUcIK5Vi3a8jLtBldaO3GVtcOxZbXLNXqyWcnQPTknRNN5070zjAV71q8ze55mwJvASly6bjHDmkXeCS+Qb5DPBy+35wRem1OAm6uUeieJQMuPXx/8wtF+Cu+dMKYG/LNucAJ3atULtLhEbkM7rOGNGna1o4u9qymiT2bF0bpI/0sj+2y/mbfcZ3IW8FOg0HZTtvlGpZ4FU0Ru6k41lbq0a1SNcCs1EP7a4aIUE8KP3/sOvJgCfLwPlj4OEaJ4memAKUjvBrb647tellkgGFIrIFEZg83suv9Z+lPLlx64iIk7z6oUV6qMfVGeQnnA1r9bb67It0Yaen43ippQyR9g2mnKutd13oD0C+bbxG10arxNtS0bCc1NhqZlsnYHk6NTXFalqjxGC2nkbdIXPHNtEyxrsNaZrLbZW1tc8GV2a7rdOt2yWz3QL+/2yCdz80OgHyb3z1WBvwZBXlDHrcl+mEfvGipQmpNo+7e5bZEPywxhIp0w6QHnZPuS4LlV8MkTuYQcaxWcF8BF4Du6QKB7jkKXeqYKCVujrPRIufHh+8r7f7+y+9nveHiL8ux3X/Cnkg5mVklbhftlv8RXYHZ7sCfp9vvXouhwPd6TtlMPmOlxw162Fr3pMVJ1LVDPPqoY29JOwUtBcRq+rwzZ36WJ2lx7nbni1Z9cWrFuE9u0Mxb0r5QKxovqMwbmkn3xekV0+9JGu5WmBvA3P0seiD6ZVyrh5QWBaGseW1rbsFyCgLkxy9xzx27A4AXHbZcr1UgVK4jb8h8D/SXR2tlxhvCfQRmXMwvPAvwKk15G6OpFzj+O2pzRlCRrkW6+2DoQFy2PEchihyC3CwemoZFv3qBCo3WQn0EodGBbMoVJ8ljX+OFWuRoEnab8VF5o21xlaM6YitXvL4rzl9ry/MSoN65L26LkzCVUrZNRd6QI25LAuNMrZUD3hTm7h1wW5xvnbmBR6hXNrkqZA2qobou6+5dcB6LL4dGE7ozpGA3CvsInHBbnHDdYBxMPq+CB5Wk0Cjszp1wKm/PjdbK967te/cqb11Ca9eUYPtQrjcEKgy+o0JvdOPteN/UpAh4VT7wIVB37oFDIIbAVT7wAUh37n9DIHpkKh+4Gbjd+9sQiPllKh+4cc5H4GpLFjdUxmjzpDvPDc43WCuQZju2Kc7N+dqdZwZvZoQbzt8V56Y5691zFufMQx9jd3Ie4dVCwW5yAt05bMlOVXz9aoynhLJSgbG6gbF8+zGG3TBkm0+2me0PJVtUqWXL7er9BneogpIdqviOCApzU5jbjI2ZH7E1+vbxznR/d3uftbXrz6Y9cbxmr3Io213bdhsWLNtuy9yNdh5qaRy3mIqgljS26sVRGmxpi6WZB+lLWSrM3STozk22uJhxGwcLatqWRcgDBbkG5DZXMqQtFl+xFHA2uyl0xpwWffB8fkF5C2i09sif/Fb6+a+k/LTPjsbrwmXjuHBwjSKPdkoyym7fSjrboXmLg5W/
[1]+  Stopped                 git diff Branch2..main

itsacheckmate@itsacheckmate:~/Training-Repository$ git diff Branch2...main
diff --git a/Database/Hospital Management System.drawio.svg b/Database/Hospital Management System.drawio.svg
new file mode 100644
index 0000000..0c99ef2
--- /dev/null
+++ b/Database/Hospital Management System.drawio.svg    
@@ -0,0 +1,4 @@
+<?xml version="1.0" encoding="UTF-8"?>
+<!-- Do not edit this file with editors other than diagrams.net -->
+<!DOCTYPE svg PUBLIC "-//W3C//DTD SVG 1.1//EN" "http://www.w3.org/Graphics/SVG/1.1/DTD/svg11.dtd">
+<svg xmlns="http://www.w3.org/2000/svg" xmlns:xlink="http://www.w3.org/1999/xlink" version="1.1" width="834px" height="960px" viewBox="-0.5 -0.5 834 960" content="&lt;mxfile host=&quot;app.diagrams.net&quot; modified=&quot;2022-04-14T15:59:22.372Z&quot; agent=&quot;5.0 (Windows NT 10.0; Win64; x64) AppleWebKit/537.36 (KHTML, like Gecko) Chrome/100.0.4896.88 Safari/537.36&quot; etag=&quot;CUvm_jUffuSygKY14HD_&quot; version=&quot;17.4.3&quot; type=&quot;github&quot;&gt;&lt;diagram id=&quot;Iy3N-nfoCOLkDRjxHkdD&quot; name=&quot;Page-1&quot;&gt;7Z1fc5s4EMA/TWZ6D84g8cfmMbbbNHdNkyZtepcXDzGKzRWQD8uN6ac/ARIGpDiOweDcqdNpjQBZ6Le7Wq0W+UQfBevzyFnML7GL/BOouesTfXwCIYDWgP6XlMRZyWAAs4JZ5LlZkbYpuPV+IXYnL115LlqWLiQY+8RbsEKQFU5xGKIpKV3oRBF+Kl/2iH23VLBwZqh0U1JwO3V8JFz23XPJnD0F7G/KPyJvNmffDIBlZ2cenOmPWYRXIfu+E6g/pn+y04HD62Lfu5w7Ln4qFOnvT/RRhDHJPgXrEfKTvi1324dnzubtjlBIdrrh6zdyPev/bUxsbXU5+di/uxv2AGT4fjr+ivXIGNFKSZBUO4InZ7z5JOZdtnzyAt8J6dHwEYfklp3R6PF07vnuJyfGq6RNS0L7iB8N5zjyftHrHZ+eArSAno4Ikwhola64Te5kdUZoSa+55g8KKkWXzrp04SdnSXhrsO87i6X3kLYvuTFwopkXDjEhOGAXOb43C+nnKa0LRfyZslYBgx6LHc36/ieKCFoXiljHnyMcIBLF9BJ2tmeY2S1MSXpAZ3U8bWQOWEZWNi/I28Bios7EfJbXvUFNPzDaryJvC+Qv6D/au+s/fhOQ0+ckKbEI/0Aj7GPaUeMQZzLg+X6l
[2]+  Stopped                 git diff Branch2...main


